Processing seeed_xiao_esp32c3 (platform: espressif32; board: seeed_xiao_esp32c3; framework: arduino)
--------------------------------------------------------------------------------
Verbose mode can be enabled via `-v, --verbose` option
CONFIGURATION: https://docs.platformio.org/page/boards/espressif32/seeed_xiao_esp32c3.html
PLATFORM: Espressif 32 (7.1.0) > Seeed Studio XIAO ESP32C3
HARDWARE: ESP32C3 160MHz, 320KB RAM, 4MB Flash
DEBUG: Current (cmsis-dap) External (cmsis-dap, esp-bridge, esp-builtin, esp-prog, iot-bus-jtag, jlink, minimodule, olimex-arm-usb-ocd, olimex-arm-usb-ocd-h, olimex-arm-usb-tiny-h, olimex-jtag-tiny, tumpa)
PACKAGES: 
 - framework-arduinoespressif32 @ 3.20017.241212+sha.dcc1105b 
 - tool-esptoolpy @ 2.41100.260830 (4.11.0) 
 - tool-mkfatfs @ 2.0.1 
 - tool-mklittlefs @ 1.203.210628 (2.3) 
 - tool-mkspiffs @ 2.230.0 (2.30) 
 - toolchain-riscv32-esp @ 8.4.0+2021r2-patch5
LDF: Library Dependency Finder -> https://bit.ly/configure-pio-ldf
LDF Modes: Finder ~ chain, Compatibility ~ soft
Found 34 compatible libraries
Scanning dependencies...
Dependency Graph
|-- ICM20948_WE @ 1.2.9
|-- Wire @ 2.0.0
Building in release mode
Compiling .pio\build\seeed_xiao_esp32c3\src\main.cpp.o
Linking .pio\build\seeed_xiao_esp32c3\firmware.elf
Retrieving maximum program size .pio\build\seeed_xiao_esp32c3\firmware.elf
Checking size .pio\build\seeed_xiao_esp32c3\firmware.elf
Advanced Memory Usage is available via "PlatformIO Home > Project Inspect"
RAM:   [          ]   4.4% (used 14272 bytes from 327680 bytes)
Flash: [==        ]  21.4% (used 280098 bytes from 1310720 bytes)
Building .pio\build\seeed_xiao_esp32c3\firmware.bin
esptool.py v4.11.0
Creating esp32c3 image...
Merged 2 ELF sections
Successfully created esp32c3 image.
Configuring upload protocol...
AVAILABLE: cmsis-dap, esp-bridge, esp-builtin, esp-prog, espota, esptool, iot-bus-jtag, jlink, minimodule, olimex-arm-usb-ocd, olimex-arm-usb-ocd-h, olimex-arm-usb-tiny-h, olimex-jtag-tiny, tumpa
CURRENT: upload_protocol = esptool
Looking for upload port...
Auto-detected: COM10
Uploading .pio\build\seeed_xiao_esp32c3\firmware.bin
esptool.py v4.11.0
Serial port COM10
Connecting...
Chip is ESP32-C3 (QFN32) (revision v0.4)
Features: WiFi, BLE, Embedded Flash 4MB (XMC)
Crystal is 40MHz
USB mode: USB-Serial/JTAG
MAC: 1c:db:d4:f0:c9:4c
Uploading stub...
Running stub...
Stub running...
Changing baud rate to 460800
Changed.
Configuring flash size...
Flash will be erased from 0x00000000 to 0x00003fff...
Flash will be erased from 0x00008000 to 0x00008fff...
Flash will be erased from 0x0000e000 to 0x0000ffff...
Flash will be erased from 0x00010000 to 0x00058fff...
SHA digest in image updated
Compressed 13248 bytes to 9562...
Writing at 0x00000000... (100 %)
Wrote 13248 bytes (9562 compressed) at 0x00000000 in 0.1 seconds (effective 898.5 kbit/s)...
Hash of data verified.
Compressed 3072 bytes to 146...
Writing at 0x00008000... (100 %)
Wrote 3072 bytes (146 compressed) at 0x00008000 in 0.0 seconds (effective 913.4 kbit/s)...
Hash of data verified.
Compressed 8192 bytes to 47...
Writing at 0x0000e000... (100 %)
Wrote 8192 bytes (47 compressed) at 0x0000e000 in 0.0 seconds (effective 1330.0 kbit/s)...
Hash of data verified.
Compressed 295072 bytes to 164951...
Writing at 0x00010000... (9 %)
Writing at 0x0001b5c7... (18 %)
Writing at 0x000239a9... (27 %)
Writing at 0x0002a8d0... (36 %)
Writing at 0x0003093b... (45 %)
Writing at 0x00036baf... (54 %)
Writing at 0x0003ca31... (63 %)
Writing at 0x0004442a... (72 %)
Writing at 0x0004b2bd... (81 %)
Writing at 0x00051143... (90 %)
Writing at 0x00057848... (100 %)
Wrote 295072 bytes (164951 compressed) at 0x00010000 in 1.1 seconds (effective 2091.5 kbit/s)...
Hash of data verified.

Leaving...
Hard resetting via RTS pin...
========================= [SUCCESS] Took 8.61 seconds =========================
