Collecting numpy
  Using cached numpy-2.4.6-cp311-cp311-win_amd64.whl.metadata (6.6 kB)
Collecting matplotlib
  Downloading matplotlib-3.11.1-cp311-cp311-win_amd64.whl.metadata (80 kB)
     -------------------------------------- 80.3/80.3 kB 496.6 kB/s eta 0:00:00
Collecting contourpy>=1.0.1 (from matplotlib)
  Using cached contourpy-1.3.3-cp311-cp311-win_amd64.whl.metadata (5.5 kB)
Collecting cycler>=0.10 (from matplotlib)
  Using cached cycler-0.12.1-py3-none-any.whl.metadata (3.8 kB)
Collecting fonttools>=4.28.2 (from matplotlib)
  Downloading fonttools-4.64.0-cp311-cp311-win_amd64.whl.metadata (126 kB)
     -------------------------------------- 126.1/126.1 kB 3.7 MB/s eta 0:00:00
Collecting kiwisolver>=1.3.1 (from matplotlib)
  Downloading kiwisolver-1.5.1-cp311-cp311-win_amd64.whl.metadata (5.2 kB)
Requirement already satisfied: packaging>=20.0 in c:\users\taki\appdata\local\programs\python\python311\lib\site-packages (from matplotlib) (26.3)
Collecting pillow>=9 (from matplotlib)
  Downloading pillow-12.3.0-cp311-cp311-win_amd64.whl.metadata (9.3 kB)
Collecting pyparsing>=3 (from matplotlib)
  Using cached pyparsing-3.3.2-py3-none-any.whl.metadata (5.8 kB)
Collecting python-dateutil>=2.7 (from matplotlib)
  Using cached python_dateutil-2.9.0.post0-py2.py3-none-any.whl.metadata (8.4 kB)
Collecting six>=1.5 (from python-dateutil>=2.7->matplotlib)
  Using cached six-1.17.0-py2.py3-none-any.whl.metadata (1.7 kB)
Using cached numpy-2.4.6-cp311-cp311-win_amd64.whl (12.6 MB)
Downloading matplotlib-3.11.1-cp311-cp311-win_amd64.whl (9.3 MB)
   ---------------------------------------- 9.3/9.3 MB 37.2 MB/s eta 0:00:00
Using cached contourpy-1.3.3-cp311-cp311-win_amd64.whl (225 kB)
Using cached cycler-0.12.1-py3-none-any.whl (8.3 kB)
Downloading fonttools-4.64.0-cp311-cp311-win_amd64.whl (2.5 MB)
   ---------------------------------------- 2.5/2.5 MB 52.9 MB/s eta 0:00:00
Downloading kiwisolver-1.5.1-cp311-cp311-win_amd64.whl (70 kB)
   ---------------------------------------- 70.7/70.7 kB 4.0 MB/s eta 0:00:00
Downloading pillow-12.3.0-cp311-cp311-win_amd64.whl (7.2 MB)
   ---------------------------------------- 7.2/7.2 MB 57.8 MB/s eta 0:00:00
Using cached pyparsing-3.3.2-py3-none-any.whl (122 kB)
Using cached python_dateutil-2.9.0.post0-py2.py3-none-any.whl (229 kB)
Using cached six-1.17.0-py2.py3-none-any.whl (11 kB)
Installing collected packages: six, pyparsing, pillow, numpy, kiwisolver, fonttools, cycler, python-dateutil, contourpy, matplotlib
Successfully installed contourpy-1.3.3 cycler-0.12.1 fonttools-4.64.0 kiwisolver-1.5.1 matplotlib-3.11.1 numpy-2.4.6 pillow-12.3.0 pyparsing-3.3.2 python-dateutil-2.9.0.post0 six-1.17.0
